[INFO] Scanning for projects...
[INFO] 
[INFO] ----------------< com.inventorix:java-code-assignment >-----------------
[INFO] Building java-code-assignment 1.0.0-SNAPSHOT
[INFO] --------------------------------[ jar ]---------------------------------
[INFO] 
[INFO] --- jacoco-maven-plugin:0.8.12:prepare-agent (prepare-agent) @ java-code-assignment ---
[INFO] argLine set to "-javaagent:C:\\Users\\Admin\\.m2\\repository\\org\\jacoco\\org.jacoco.agent\\0.8.12\\org.jacoco.agent-0.8.12-runtime.jar=destfile=C:\\projects\\New folder (2)\\FnCS_Casestudy2\\target\\jacoco.exec,includes=com/fulfilment/application/monolith/location/**:com/fulfilment/application/monolith/warehouses/domain/**,excludes=**/com/warehouse/api/**:**/com/fulfilment/application/monolith/fulfillment/**:**/com/fulfilment/application/monolith/warehouses/adapters/database/**:**/com/fulfilment/application/monolith/warehouses/adapters/restapi/**:**/com/fulfilment/application/monolith/stores/LegacyStoreManagerGateway.class:**/com/fulfilment/application/monolith/stores/StoreResource.class"
[INFO] 
[INFO] --- maven-resources-plugin:2.6:resources (default-resources) @ java-code-assignment ---
[INFO] Using 'UTF-8' encoding to copy filtered resources.
[INFO] Copying 4 resources
[INFO] 
[INFO] --- quarkus-maven-plugin:3.13.3:generate-code (default) @ java-code-assignment ---
[INFO] Generating JAX-RS interfaces and beans from: C:\Users\Admin\AppData\Local\Temp\warehouse-openapi.yaml3389288207889491798.json
[INFO] Generating code...
Generating Bean: com.warehouse.api.beans.Warehouse
Adding to zip: com/warehouse/api/beans/Warehouse.java
Generating Interface: com.warehouse.api.WarehouseResource
Adding to zip: com/warehouse/api/WarehouseResource.java

[INFO] Code generated, unpacking the output ZIP.
[INFO] Code successfully generated.
[INFO] 
[INFO] --- maven-compiler-plugin:3.11.0:compile (default-compile) @ java-code-assignment ---
[INFO] Changes detected - recompiling the module! :source
[INFO] Compiling 29 source files with javac [debug release 17] to target\classes
[INFO] 
[INFO] --- quarkus-maven-plugin:3.13.3:generate-code-tests (default) @ java-code-assignment ---
[INFO] 
[INFO] --- maven-resources-plugin:2.6:testResources (default-testResources) @ java-code-assignment ---
[INFO] Using 'UTF-8' encoding to copy filtered resources.
[INFO] skip non existing resourceDirectory C:\projects\New folder (2)\FnCS_Casestudy2\src\test\resources
[INFO] 
[INFO] --- maven-compiler-plugin:3.11.0:testCompile (default-testCompile) @ java-code-assignment ---
[INFO] Changes detected - recompiling the module! :dependency
[INFO] Compiling 8 source files with javac [debug release 17] to target\test-classes
[INFO] 
[INFO] --- maven-surefire-plugin:3.1.2:test (default-test) @ java-code-assignment ---
[INFO] Using auto detected provider org.apache.maven.surefire.junitplatform.JUnitPlatformProvider
[INFO] 
[INFO] -------------------------------------------------------
[INFO]  T E S T S
[INFO] -------------------------------------------------------
[INFO] Running com.fulfilment.application.monolith.fulfillment.FulfillmentAssignmentServiceTest
2026-08-29 12:10:57,520 WARN  [io.qua.config] (main) Unrecognized configuration key "quarkus.openapi.generator.spec" was provided; it will be ignored; verify that the dependency extension for this configuration is set or that you did not make a typo
2026-08-29 12:10:57,528 WARN  [io.qua.config] (main) Unrecognized configuration key "quarkus.openapi.generator.base-package" was provided; it will be ignored; verify that the dependency extension for this configuration is set or that you did not make a typo
2026-08-29 12:11:02,153 INFO  [io.agr.pool] (JPA Startup Thread) Datasource '<default>': Initial size smaller than min. Connections will be created when necessary
[Hibernate] 
    drop table if exists fulfillment_assignment cascade 
[Hibernate] 
    drop table if exists Product cascade 
[Hibernate] 
    drop table if exists Store cascade 
[Hibernate] 
    drop table if exists warehouse cascade 
[Hibernate] 
    drop sequence if exists fulfillment_assignment_SEQ
[Hibernate] 
    drop sequence if exists Product_SEQ
[Hibernate] 
    drop sequence if exists Store_SEQ
[Hibernate] 
    drop sequence if exists warehouse_SEQ
[Hibernate] 
    create sequence fulfillment_assignment_SEQ start with 1 increment by 50
[Hibernate] 
    create sequence Product_SEQ start with 1 increment by 50
[Hibernate] 
    create sequence Store_SEQ start with 1 increment by 50
[Hibernate] 
    create sequence warehouse_SEQ start with 1 increment by 50
[Hibernate] 
    create table fulfillment_assignment (
        id bigint not null,
        product_id bigint not null,
        store_id bigint not null,
        warehouse_business_unit_code varchar(50) not null,
        primary key (id),
        unique (store_id, product_id, warehouse_business_unit_code)
    )
[Hibernate] 
    create table Product (
        price numeric(10,2),
        stock integer not null,
        id bigint not null,
        name varchar(40) unique,
        description varchar(255),
        primary key (id)
    )
[Hibernate] 
    create table Store (
        quantityProductsInStock integer not null,
        id bigint not null,
        name varchar(40) unique,
        primary key (id)
    )
[Hibernate] 
    create table warehouse (
        capacity integer,
        stock integer,
        archivedAt timestamp(6),
        createdAt timestamp(6),
        id bigint not null,
        businessUnitCode varchar(255),
        location varchar(255),
        primary key (id)
    )
[Hibernate] INSERT INTO store(id, name, quantityProductsInStock) VALUES (1, 'TONSTAD', 10)
[Hibernate] INSERT INTO store(id, name, quantityProductsInStock) VALUES (2, 'KALLAX', 5)
[Hibernate] INSERT INTO store(id, name, quantityProductsInStock) VALUES (3, 'BESTÅ', 3)
[Hibernate] ALTER SEQUENCE store_seq RESTART WITH 4
[Hibernate] INSERT INTO product(id, name, stock) VALUES (1, 'TONSTAD', 10)
[Hibernate] INSERT INTO product(id, name, stock) VALUES (2, 'KALLAX', 5)
[Hibernate] INSERT INTO product(id, name, stock) VALUES (3, 'BESTÅ', 3)
[Hibernate] ALTER SEQUENCE product_seq RESTART WITH 4
[Hibernate] INSERT INTO warehouse(id, businessUnitCode, location, capacity, stock, createdAt, archivedAt)  VALUES (1, 'MWH.001', 'ZWOLLE-001', 100, 10, '2024-07-01', null)
[Hibernate] INSERT INTO warehouse(id, businessUnitCode, location, capacity, stock, createdAt, archivedAt) VALUES (2, 'MWH.012', 'AMSTERDAM-001', 50, 5, '2023-07-01', null)
[Hibernate] INSERT INTO warehouse(id, businessUnitCode, location, capacity, stock, createdAt, archivedAt) VALUES (3, 'MWH.023', 'TILBURG-001', 30, 27, '2021-02-01', null)
[Hibernate] ALTER SEQUENCE warehouse_seq RESTART WITH 4
2026-08-29 12:11:06,288 INFO  [io.quarkus] (main) java-code-assignment 1.0.0-SNAPSHOT on JVM (powered by Quarkus 3.13.3) started in 24.034s. Listening on: http://localhost:8081
2026-08-29 12:11:06,290 INFO  [io.quarkus] (main) Profile test activated. 
2026-08-29 12:11:06,292 INFO  [io.quarkus] (main) Installed features: [agroal, cdi, hibernate-orm, hibernate-orm-panache, jdbc-h2, jdbc-postgresql, narayana-jta, rest, rest-jackson, smallrye-context-propagation, vertx]
[Hibernate] 
    delete 
    from
        fulfillment_assignment fa1_0
[Hibernate] 
    delete 
    from
        Store s1_0
[Hibernate] 
    delete 
    from
        Product p1_0
[Hibernate] 
    delete 
    from
        warehouse dw1_0
[Hibernate] 
    select
        next value for Store_SEQ
[Hibernate] 
    select
        next value for Product_SEQ
[Hibernate] 
    select
        next value for warehouse_SEQ
[Hibernate] 
    insert 
    into
        Store
        (name, quantityProductsInStock, id) 
    values
        (?, ?, ?)
[Hibernate] 
    insert 
    into
        Product
        (description, name, price, stock, id) 
    values
        (?, ?, ?, ?, ?)
[Hibernate] 
    insert 
    into
        warehouse
        (archivedAt, businessUnitCode, capacity, createdAt, location, stock, id) 
    values
        (?, ?, ?, ?, ?, ?, ?)
[Hibernate] 
    select
        dw1_0.id,
        dw1_0.archivedAt,
        dw1_0.businessUnitCode,
        dw1_0.capacity,
        dw1_0.createdAt,
        dw1_0.location,
        dw1_0.stock 
    from
        warehouse dw1_0 
    where
        dw1_0.businessUnitCode=? 
    fetch
        first ? rows only
[Hibernate] 
    select
        fa1_0.id,
        fa1_0.product_id,
        fa1_0.store_id,
        fa1_0.warehouse_business_unit_code 
    from
        fulfillment_assignment fa1_0 
    where
        fa1_0.store_id=? 
        and fa1_0.product_id=? 
        and fa1_0.warehouse_business_unit_code=? 
    fetch
        first ? rows only
[Hibernate] 
    select
        fa1_0.id,
        fa1_0.product_id,
        fa1_0.store_id,
        fa1_0.warehouse_business_unit_code 
    from
        fulfillment_assignment fa1_0 
    where
        fa1_0.store_id=?
[Hibernate] 
    select
        fa1_0.id,
        fa1_0.product_id,
        fa1_0.store_id,
        fa1_0.warehouse_business_unit_code 
    from
        fulfillment_assignment fa1_0 
    where
        fa1_0.store_id=? 
        and fa1_0.product_id=?
[Hibernate] 
    select
        fa1_0.id,
        fa1_0.product_id,
        fa1_0.store_id,
        fa1_0.warehouse_business_unit_code 
    from
        fulfillment_assignment fa1_0 
    where
        fa1_0.warehouse_business_unit_code=?
[Hibernate] 
    select
        next value for fulfillment_assignment_SEQ
[Hibernate] 
    insert 
    into
        fulfillment_assignment
        (product_id, store_id, warehouse_business_unit_code, id) 
    values
        (?, ?, ?, ?)
[Hibernate] 
    delete 
    from
        fulfillment_assignment fa1_0
[Hibernate] 
    delete 
    from
        Store s1_0
[Hibernate] 
    delete 
    from
        Product p1_0
[Hibernate] 
    delete 
    from
        warehouse dw1_0
[Hibernate] 
    insert 
    into
        Store
        (name, quantityProductsInStock, id) 
    values
        (?, ?, ?)
[Hibernate] 
    insert 
    into
        Product
        (description, name, price, stock, id) 
    values
        (?, ?, ?, ?, ?)
[Hibernate] 
    insert 
    into
        Product
        (description, name, price, stock, id) 
    values
        (?, ?, ?, ?, ?)
[Hibernate] 
    insert 
    into
        Product
        (description, name, price, stock, id) 
    values
        (?, ?, ?, ?, ?)
[Hibernate] 
    insert 
    into
        warehouse
        (archivedAt, businessUnitCode, capacity, createdAt, location, stock, id) 
    values
        (?, ?, ?, ?, ?, ?, ?)
[Hibernate] 
    insert 
    into
        warehouse
        (archivedAt, businessUnitCode, capacity, createdAt, location, stock, id) 
    values
        (?, ?, ?, ?, ?, ?, ?)
[Hibernate] 
    insert 
    into
        warehouse
        (archivedAt, businessUnitCode, capacity, createdAt, location, stock, id) 
    values
        (?, ?, ?, ?, ?, ?, ?)
[Hibernate] 
    select
        dw1_0.id,
        dw1_0.archivedAt,
        dw1_0.businessUnitCode,
        dw1_0.capacity,
        dw1_0.createdAt,
        dw1_0.location,
        dw1_0.stock 
    from
        warehouse dw1_0 
    where
        dw1_0.businessUnitCode=? 
    fetch
        first ? rows only
[Hibernate] 
    select
        fa1_0.id,
        fa1_0.product_id,
        fa1_0.store_id,
        fa1_0.warehouse_business_unit_code 
    from
        fulfillment_assignment fa1_0 
    where
        fa1_0.store_id=? 
        and fa1_0.product_id=? 
        and fa1_0.warehouse_business_unit_code=? 
    fetch
        first ? rows only
[Hibernate] 
    select
        fa1_0.id,
        fa1_0.product_id,
        fa1_0.store_id,
        fa1_0.warehouse_business_unit_code 
    from
        fulfillment_assignment fa1_0 
    where
        fa1_0.store_id=?
[Hibernate] 
    select
        fa1_0.id,
        fa1_0.product_id,
        fa1_0.store_id,
        fa1_0.warehouse_business_unit_code 
    from
        fulfillment_assignment fa1_0 
    where
        fa1_0.store_id=? 
        and fa1_0.product_id=?
[Hibernate] 
    select
        fa1_0.id,
        fa1_0.product_id,
        fa1_0.store_id,
        fa1_0.warehouse_business_unit_code 
    from
        fulfillment_assignment fa1_0 
    where
        fa1_0.warehouse_business_unit_code=?
[Hibernate] 
    select
        dw1_0.id,
        dw1_0.archivedAt,
        dw1_0.businessUnitCode,
        dw1_0.capacity,
        dw1_0.createdAt,
        dw1_0.location,
        dw1_0.stock 
    from
        warehouse dw1_0 
    where
        dw1_0.businessUnitCode=? 
    fetch
        first ? rows only
[Hibernate] 
    insert 
    into
        fulfillment_assignment
        (product_id, store_id, warehouse_business_unit_code, id) 
    values
        (?, ?, ?, ?)
[Hibernate] 
    select
        fa1_0.id,
        fa1_0.product_id,
        fa1_0.store_id,
        fa1_0.warehouse_business_unit_code 
    from
        fulfillment_assignment fa1_0 
    where
        fa1_0.store_id=? 
        and fa1_0.product_id=? 
        and fa1_0.warehouse_business_unit_code=? 
    fetch
        first ? rows only
[Hibernate] 
    select
        fa1_0.id,
        fa1_0.product_id,
        fa1_0.store_id,
        fa1_0.warehouse_business_unit_code 
    from
        fulfillment_assignment fa1_0 
    where
        fa1_0.store_id=?
[Hibernate] 
    select
        fa1_0.id,
        fa1_0.product_id,
        fa1_0.store_id,
        fa1_0.warehouse_business_unit_code 
    from
        fulfillment_assignment fa1_0 
    where
        fa1_0.store_id=? 
        and fa1_0.product_id=?
[Hibernate] 
    select
        fa1_0.id,
        fa1_0.product_id,
        fa1_0.store_id,
        fa1_0.warehouse_business_unit_code 
    from
        fulfillment_assignment fa1_0 
    where
        fa1_0.warehouse_business_unit_code=?
[Hibernate] 
    select
        dw1_0.id,
        dw1_0.archivedAt,
        dw1_0.businessUnitCode,
        dw1_0.capacity,
        dw1_0.createdAt,
        dw1_0.location,
        dw1_0.stock 
    from
        warehouse dw1_0 
    where
        dw1_0.businessUnitCode=? 
    fetch
        first ? rows only
[Hibernate] 
    insert 
    into
        fulfillment_assignment
        (product_id, store_id, warehouse_business_unit_code, id) 
    values
        (?, ?, ?, ?)
[Hibernate] 
    select
        fa1_0.id,
        fa1_0.product_id,
        fa1_0.store_id,
        fa1_0.warehouse_business_unit_code 
    from
        fulfillment_assignment fa1_0 
    where
        fa1_0.store_id=? 
        and fa1_0.product_id=? 
        and fa1_0.warehouse_business_unit_code=? 
    fetch
        first ? rows only
[Hibernate] 
    select
        fa1_0.id,
        fa1_0.product_id,
        fa1_0.store_id,
        fa1_0.warehouse_business_unit_code 
    from
        fulfillment_assignment fa1_0 
    where
        fa1_0.store_id=?
[Hibernate] 
    select
        fa1_0.id,
        fa1_0.product_id,
        fa1_0.store_id,
        fa1_0.warehouse_business_unit_code 
    from
        fulfillment_assignment fa1_0 
    where
        fa1_0.store_id=? 
        and fa1_0.product_id=?
[Hibernate] 
    select
        fa1_0.id,
        fa1_0.product_id,
        fa1_0.store_id,
        fa1_0.warehouse_business_unit_code 
    from
        fulfillment_assignment fa1_0 
    where
        fa1_0.warehouse_business_unit_code=?
[Hibernate] 
    select
        dw1_0.id,
        dw1_0.archivedAt,
        dw1_0.businessUnitCode,
        dw1_0.capacity,
        dw1_0.createdAt,
        dw1_0.location,
        dw1_0.stock 
    from
        warehouse dw1_0 
    where
        dw1_0.businessUnitCode=? 
    fetch
        first ? rows only
[Hibernate] 
    insert 
    into
        fulfillment_assignment
        (product_id, store_id, warehouse_business_unit_code, id) 
    values
        (?, ?, ?, ?)
[Hibernate] 
    insert 
    into
        Product
        (description, name, price, stock, id) 
    values
        (?, ?, ?, ?, ?)
[Hibernate] 
    select
        fa1_0.id,
        fa1_0.product_id,
        fa1_0.store_id,
        fa1_0.warehouse_business_unit_code 
    from
        fulfillment_assignment fa1_0 
    where
        fa1_0.store_id=? 
        and fa1_0.product_id=? 
        and fa1_0.warehouse_business_unit_code=? 
    fetch
        first ? rows only
[Hibernate] 
    select
        fa1_0.id,
        fa1_0.product_id,
        fa1_0.store_id,
        fa1_0.warehouse_business_unit_code 
    from
        fulfillment_assignment fa1_0 
    where
        fa1_0.store_id=?
[INFO] Tests run: 2, Failures: 0, Errors: 0, Skipped: 0, Time elapsed: 47.28 s -- in com.fulfilment.application.monolith.fulfillment.FulfillmentAssignmentServiceTest
[INFO] Running com.fulfilment.application.monolith.products.ProductEndpointTest
[Hibernate] 
    delete 
    from
        Product p1_0
[Hibernate] 
    insert 
    into
        Product
        (description, name, price, stock, id) 
    values
        (?, ?, ?, ?, ?)
[Hibernate] 
    insert 
    into
        Product
        (description, name, price, stock, id) 
    values
        (?, ?, ?, ?, ?)
[Hibernate] 
    insert 
    into
        Product
        (description, name, price, stock, id) 
    values
        (?, ?, ?, ?, ?)
[Hibernate] 
    select
        p1_0.id,
        p1_0.description,
        p1_0.name,
        p1_0.price,
        p1_0.stock 
    from
        Product p1_0 
    order by
        p1_0.name
[Hibernate] 
    select
        p1_0.id,
        p1_0.description,
        p1_0.name,
        p1_0.price,
        p1_0.stock 
    from
        Product p1_0 
    where
        p1_0.name=? 
    fetch
        first ? rows only
[Hibernate] 
    delete 
    from
        Product 
    where
        id=?
[Hibernate] 
    select
        p1_0.id,
        p1_0.description,
        p1_0.name,
        p1_0.price,
        p1_0.stock 
    from
        Product p1_0 
    order by
        p1_0.name
[INFO] Tests run: 1, Failures: 0, Errors: 0, Skipped: 0, Time elapsed: 4.495 s -- in com.fulfilment.application.monolith.products.ProductEndpointTest
[INFO] Running com.fulfilment.application.monolith.stores.StoreEndpointTest
[Hibernate] 
    insert 
    into
        Store
        (name, quantityProductsInStock, id) 
    values
        (?, ?, ?)
2026-08-29 12:11:15,125 INFO  [com.ful.app.mon.sto.LegacyStoreManagerGateway] (executor-thread-1) Temporary file created at: C:\Users\Admin\.fulfilment\legacy-store-sync\store-14921007670431952248.txt
2026-08-29 12:11:15,132 INFO  [com.ful.app.mon.sto.LegacyStoreManagerGateway] (executor-thread-1) Data written to temporary file.
2026-08-29 12:11:15,133 INFO  [com.ful.app.mon.sto.LegacyStoreManagerGateway] (executor-thread-1) Data read from temporary file: Store created. [ name =PATCH-STORE-1787985674323 ] [ items on stock =10]
2026-08-29 12:11:15,135 INFO  [com.ful.app.mon.sto.LegacyStoreManagerGateway] (executor-thread-1) Temporary file deleted.
[Hibernate] 
    update
        Store 
    set
        name=?,
        quantityProductsInStock=? 
    where
        id=?
2026-08-29 12:11:16,454 INFO  [com.ful.app.mon.sto.LegacyStoreManagerGateway] (executor-thread-1) Temporary file created at: C:\Users\Admin\.fulfilment\legacy-store-sync\store-338615206125273363.txt
2026-08-29 12:11:16,456 INFO  [com.ful.app.mon.sto.LegacyStoreManagerGateway] (executor-thread-1) Data written to temporary file.
2026-08-29 12:11:16,458 INFO  [com.ful.app.mon.sto.LegacyStoreManagerGateway] (executor-thread-1) Data read from temporary file: Store created. [ name =PATCH-STORE-1787985674323-UPDATED ] [ items on stock =0]
2026-08-29 12:11:16,463 INFO  [com.ful.app.mon.sto.LegacyStoreManagerGateway] (executor-thread-1) Temporary file deleted.
[Hibernate] 
    select
        s1_0.id,
        s1_0.name,
        s1_0.quantityProductsInStock 
    from
        Store s1_0 
    order by
        s1_0.name
[INFO] Tests run: 1, Failures: 0, Errors: 0, Skipped: 0, Time elapsed: 2.316 s -- in com.fulfilment.application.monolith.stores.StoreEndpointTest
[INFO] Running com.fulfilment.application.monolith.location.LocationGatewayTest
[INFO] Tests run: 2, Failures: 0, Errors: 0, Skipped: 0, Time elapsed: 0.034 s -- in com.fulfilment.application.monolith.location.LocationGatewayTest
[INFO] Running com.fulfilment.application.monolith.warehouses.domain.usecases.ArchiveWarehouseUseCaseTest
[INFO] Tests run: 2, Failures: 0, Errors: 0, Skipped: 0, Time elapsed: 0.030 s -- in com.fulfilment.application.monolith.warehouses.domain.usecases.ArchiveWarehouseUseCaseTest
[INFO] Running com.fulfilment.application.monolith.warehouses.domain.usecases.CreateWarehouseUseCaseTest
[INFO] Tests run: 4, Failures: 0, Errors: 0, Skipped: 0, Time elapsed: 0.027 s -- in com.fulfilment.application.monolith.warehouses.domain.usecases.CreateWarehouseUseCaseTest
[INFO] Running com.fulfilment.application.monolith.warehouses.domain.usecases.ReplaceWarehouseUseCaseTest
[INFO] Tests run: 3, Failures: 0, Errors: 0, Skipped: 0, Time elapsed: 0.017 s -- in com.fulfilment.application.monolith.warehouses.domain.usecases.ReplaceWarehouseUseCaseTest
2026-08-29 12:11:16,915 INFO  [io.quarkus] (main) java-code-assignment stopped in 0.130s
[INFO] 
[INFO] Results:
[INFO] 
[INFO] Tests run: 15, Failures: 0, Errors: 0, Skipped: 0
[INFO] 
[INFO] 
[INFO] --- maven-jar-plugin:2.4:jar (default-jar) @ java-code-assignment ---
[INFO] Building jar: C:\projects\New folder (2)\FnCS_Casestudy2\target\java-code-assignment-1.0.0-SNAPSHOT.jar
[INFO] 
[INFO] --- quarkus-maven-plugin:3.13.3:build (default) @ java-code-assignment ---
[WARNING] [io.quarkus.config] Unrecognized configuration key "quarkus.openapi.generator.spec" was provided; it will be ignored; verify that the dependency extension for this configuration is set or that you did not make a typo
[WARNING] [io.quarkus.config] Unrecognized configuration key "quarkus.openapi.generator.base-package" was provided; it will be ignored; verify that the dependency extension for this configuration is set or that you did not make a typo
[INFO] [io.quarkus.deployment.QuarkusAugmentor] Quarkus augmentation completed in 42772ms
[INFO] 
[INFO] --- jacoco-maven-plugin:0.8.12:report (report) @ java-code-assignment ---
[INFO] Loading execution data file C:\projects\New folder (2)\FnCS_Casestudy2\target\jacoco.exec
[INFO] Analyzed bundle 'java-code-assignment' with 7 classes
[INFO] 
[INFO] --- jacoco-maven-plugin:0.8.12:check (check) @ java-code-assignment ---
[INFO] Loading execution data file C:\projects\New folder (2)\FnCS_Casestudy2\target\jacoco.exec
[INFO] Analyzed bundle 'java-code-assignment' with 7 classes
[INFO] All coverage checks have been met.
[INFO] ------------------------------------------------------------------------
[INFO] BUILD SUCCESS
[INFO] ------------------------------------------------------------------------
[INFO] Total time:  02:43 min
[INFO] Finished at: 2026-08-29T12:12:08+05:30
[INFO] ------------------------------------------------------------------------
